I'm sorry, but errors were detected in your script. Please correct the
errors listed below, and try again.


File "game/script.rpy", line 342: end of line expected.
    p "아야!" with fade, vpunch
                     ^

Ren'Py Version: Ren'Py 8.0.3.22090809
Thu Jun 22 05:04:04 2023
